npm notice run kmaster-studio@0.0.0 npx
npm notice run vitest run src/composables/useMarketList.test.ts --reporter=verbose

[1m[7m[36m RUN [39m[27m[22m [36mv2.1.9 [39m[90mD:/Users/towyq/Documents/Projects/kmaster-studio/packages/client[39m

 [32m✓[39m src/composables/useMarketList.test.ts[2m > [22museMarketList[2m > [22m① 初始加载：fetchAll 成功后数据正确填充
 [32m✓[39m src/composables/useMarketList.test.ts[2m > [22museMarketList[2m > [22m② 分页：每页 10 个，goToPage 切换
 [32m✓[39m src/composables/useMarketList.test.ts[2m > [22museMarketList[2m > [22m②b goToPage 越界 clamp
 [32m✓[39m src/composables/useMarketList.test.ts[2m > [22museMarketList[2m > [22m③ 分类过滤：filterByCategory 按 tags 过滤
 [32m✓[39m src/composables/useMarketList.test.ts[2m > [22museMarketList[2m > [22m④ 搜索：按 name / description 模糊匹配（大小写不敏感）
 [32m✓[39m src/composables/useMarketList.test.ts[2m > [22museMarketList[2m > [22m⑤ 排序：default 原序
 [32m✓[39m src/composables/useMarketList.test.ts[2m > [22museMarketList[2m > [22m⑤ 排序：newest 逆序
 [32m✓[39m src/composables/useMarketList.test.ts[2m > [22museMarketList[2m > [22m⑤ 排序：hot installed 优先
 [32m✓[39m src/composables/useMarketList.test.ts[2m > [22museMarketList[2m > [22m⑥ 错误态：fetchAll reject 时 error 填充
 [32m✓[39m src/composables/useMarketList.test.ts[2m > [22museMarketList[2m > [22m⑥ 加载态：初始 loading 为 true
 [32m✓[39m src/composables/useMarketList.test.ts[2m > [22museMarketList[2m > [22m⑦ categories 从 candidateItems 的 tags 聚合去重
 [32m✓[39m src/composables/useMarketList.test.ts[2m > [22museMarketList[2m > [22m⑧ 筛选后分页重置

[2m Test Files [22m [1m[32m1 passed[39m[22m[90m (1)[39m
[2m      Tests [22m [1m[32m12 passed[39m[22m[90m (12)[39m
[2m   Start at [22m 10:23:51
[2m   Duration [22m 1.49s[2m (transform 138ms, setup 0ms, collect 346ms, tests 46ms, environment 0ms, prepare 311ms)[22m

